	Command being timed: "./build/amflow-cli solve-series tools/reference-harness/specs/phase0/automatic_vs_manual.amflow-state.json --eps-order 0 --digits 80 --out /tmp/autoibp_orch/exec/lane70_perf/benchmarks/automatic_vs_manual.eps0.digits80.cpp-result.json"
	User time (seconds): 42.01
	System time (seconds): 0.00
	Percent of CPU this job got: 99%
	Elapsed (wall clock) time (h:mm:ss or m:ss): 0:42.16
	Average shared text size (kbytes): 0
	Average unshared data size (kbytes): 0
	Average stack size (kbytes): 0
	Average total size (kbytes): 0
	Maximum resident set size (kbytes): 7748
	Average resident set size (kbytes): 0
	Major (requiring I/O) page faults: 0
	Minor (reclaiming a frame) page faults: 994
	Voluntary context switches: 12
	Involuntary context switches: 45
	Swaps: 0
	File system inputs: 0
	File system outputs: 640
	Socket messages sent: 0
	Socket messages received: 0
	Signals delivered: 0
	Page size (bytes): 4096
	Exit status: 0
