	Command being timed: "./build/amflow-cli solve-series tools/reference-harness/specs/phase0/automatic_loop.amflow-state.json --eps-order 2 --digits 80 --out /tmp/autoibp_orch/exec/lane70_perf/benchmarks/automatic_loop.eps2.run2.digits80.cpp-result.json"
	User time (seconds): 1.74
	System time (seconds): 0.00
	Percent of CPU this job got: 98%
	Elapsed (wall clock) time (h:mm:ss or m:ss): 0:01.75
	Average shared text size (kbytes): 0
	Average unshared data size (kbytes): 0
	Average stack size (kbytes): 0
	Average total size (kbytes): 0
	Maximum resident set size (kbytes): 5592
	Average resident set size (kbytes): 0
	Major (requiring I/O) page faults: 1
	Minor (reclaiming a frame) page faults: 334
	Voluntary context switches: 10
	Involuntary context switches: 12
	Swaps: 0
	File system inputs: 0
	File system outputs: 128
	Socket messages sent: 0
	Socket messages received: 0
	Signals delivered: 0
	Page size (bytes): 4096
	Exit status: 0
