	Command being timed: "./build/amflow-cli solve-series tools/reference-harness/specs/phase0/differential_equation_solver.amflow-state.json --eps-order 3 --digits 80 --out /tmp/autoibp_orch/exec/lane70_perf/benchmarks/differential_equation_solver.eps3.run2.digits80.cpp-result.json"
	User time (seconds): 0.84
	System time (seconds): 0.00
	Percent of CPU this job got: 95%
	Elapsed (wall clock) time (h:mm:ss or m:ss): 0:00.88
	Average shared text size (kbytes): 0
	Average unshared data size (kbytes): 0
	Average stack size (kbytes): 0
	Average total size (kbytes): 0
	Maximum resident set size (kbytes): 5324
	Average resident set size (kbytes): 0
	Major (requiring I/O) page faults: 21
	Minor (reclaiming a frame) page faults: 223
	Voluntary context switches: 35
	Involuntary context switches: 8
	Swaps: 0
	File system inputs: 0
	File system outputs: 24
	Socket messages sent: 0
	Socket messages received: 0
	Signals delivered: 0
	Page size (bytes): 4096
	Exit status: 0
